0: decoder.conv_in.bias: sum: 12.4864  dtype: Float32 shape: [512]
1: decoder.conv_in.weight: sum: 129.5892  dtype: Float32 shape: [512,4,3,3]
2: decoder.conv_norm_out.bias: sum: 7.5288  dtype: Float32 shape: [128]
3: decoder.conv_norm_out.weight: sum: 7.5406  dtype: Float32 shape: [128]
4: decoder.conv_out.bias: sum: 1.6865  dtype: Float32 shape: [3]
5: decoder.conv_out.weight: sum: 23.3398  dtype: Float32 shape: [3,128,3,3]
6: decoder.mid_block.attentions.0.group_norm.bias: sum: 18.8555  dtype: Float32 shape: [512]
7: decoder.mid_block.attentions.0.group_norm.weight: sum: 15.0926  dtype: Float32 shape: [512]
8: decoder.mid_block.attentions.0.key.bias: sum: 14.4735  dtype: Float32 shape: [512]
9: decoder.mid_block.attentions.0.key.weight: sum: 309.6332  dtype: Float32 shape: [512,512]
10: decoder.mid_block.attentions.0.proj_attn.bias: sum: 14.7387  dtype: Float32 shape: [512]
11: decoder.mid_block.attentions.0.proj_attn.weight: sum: 331.5539  dtype: Float32 shape: [512,512]
12: decoder.mid_block.attentions.0.query.bias: sum: 11.1423  dtype: Float32 shape: [512]
13: decoder.mid_block.attentions.0.query.weight: sum: 162.3168  dtype: Float32 shape: [512,512]
14: decoder.mid_block.attentions.0.value.bias: sum: 11.9918  dtype: Float32 shape: [512]
15: decoder.mid_block.attentions.0.value.weight: sum: 693.8582  dtype: Float32 shape: [512,512]
16: decoder.mid_block.resnets.0.conv1.bias: sum: 14.9822  dtype: Float32 shape: [512]
17: decoder.mid_block.resnets.0.conv1.weight: sum: 1024.4137  dtype: Float32 shape: [512,512,3,3]
18: decoder.mid_block.resnets.0.conv2.bias: sum: 15.4742  dtype: Float32 shape: [512]
19: decoder.mid_block.resnets.0.conv2.weight: sum: 2016.7344  dtype: Float32 shape: [512,512,3,3]
20: decoder.mid_block.resnets.0.norm1.bias: sum: 14.9591  dtype: Float32 shape: [512]
21: decoder.mid_block.resnets.0.norm1.weight: sum: 15.0653  dtype: Float32 shape: [512]
22: decoder.mid_block.resnets.0.norm2.bias: sum: 14.8058  dtype: Float32 shape: [512]
23: decoder.mid_block.resnets.0.norm2.weight: sum: 14.9288  dtype: Float32 shape: [512]
24: decoder.mid_block.resnets.1.conv1.bias: sum: 14.7171  dtype: Float32 shape: [512]
25: decoder.mid_block.resnets.1.conv1.weight: sum: 917.123  dtype: Float32 shape: [512,512,3,3]
26: decoder.mid_block.resnets.1.conv2.bias: sum: 15.2479  dtype: Float32 shape: [512]
27: decoder.mid_block.resnets.1.conv2.weight: sum: 1059.645  dtype: Float32 shape: [512,512,3,3]
28: decoder.mid_block.resnets.1.norm1.bias: sum: 15.1497  dtype: Float32 shape: [512]
29: decoder.mid_block.resnets.1.norm1.weight: sum: 14.9824  dtype: Float32 shape: [512]
30: decoder.mid_block.resnets.1.norm2.bias: sum: 14.7911  dtype: Float32 shape: [512]
31: decoder.mid_block.resnets.1.norm2.weight: sum: 14.9455  dtype: Float32 shape: [512]
32: decoder.up_blocks.0.resnets.0.conv1.bias: sum: 14.9539  dtype: Float32 shape: [512]
33: decoder.up_blocks.0.resnets.0.conv1.weight: sum: 932.9666  dtype: Float32 shape: [512,512,3,3]
34: decoder.up_blocks.0.resnets.0.conv2.bias: sum: 14.9431  dtype: Float32 shape: [512]
35: decoder.up_blocks.0.resnets.0.conv2.weight: sum: 944.1852  dtype: Float32 shape: [512,512,3,3]
36: decoder.up_blocks.0.resnets.0.norm1.bias: sum: 14.9804  dtype: Float32 shape: [512]
37: decoder.up_blocks.0.resnets.0.norm1.weight: sum: 14.9066  dtype: Float32 shape: [512]
38: decoder.up_blocks.0.resnets.0.norm2.bias: sum: 15.5099  dtype: Float32 shape: [512]
39: decoder.up_blocks.0.resnets.0.norm2.weight: sum: 15.2057  dtype: Float32 shape: [512]
40: decoder.up_blocks.0.resnets.1.conv1.bias: sum: 14.9677  dtype: Float32 shape: [512]
41: decoder.up_blocks.0.resnets.1.conv1.weight: sum: 994.6792  dtype: Float32 shape: [512,512,3,3]
42: decoder.up_blocks.0.resnets.1.conv2.bias: sum: 13.0545  dtype: Float32 shape: [512]
43: decoder.up_blocks.0.resnets.1.conv2.weight: sum: 1335.1001  dtype: Float32 shape: [512,512,3,3]
44: decoder.up_blocks.0.resnets.1.norm1.bias: sum: 14.9297  dtype: Float32 shape: [512]
45: decoder.up_blocks.0.resnets.1.norm1.weight: sum: 14.9132  dtype: Float32 shape: [512]
46: decoder.up_blocks.0.resnets.1.norm2.bias: sum: 14.3309  dtype: Float32 shape: [512]
47: decoder.up_blocks.0.resnets.1.norm2.weight: sum: 14.9194  dtype: Float32 shape: [512]
48: decoder.up_blocks.0.resnets.2.conv1.bias: sum: 14.4732  dtype: Float32 shape: [512]
49: decoder.up_blocks.0.resnets.2.conv1.weight: sum: 944.4272  dtype: Float32 shape: [512,512,3,3]
50: decoder.up_blocks.0.resnets.2.conv2.bias: sum: 15.5369  dtype: Float32 shape: [512]
51: decoder.up_blocks.0.resnets.2.conv2.weight: sum: 243.604  dtype: Float32 shape: [512,512,3,3]
52: decoder.up_blocks.0.resnets.2.norm1.bias: sum: 14.7847  dtype: Float32 shape: [512]
53: decoder.up_blocks.0.resnets.2.norm1.weight: sum: 14.9508  dtype: Float32 shape: [512]
54: decoder.up_blocks.0.resnets.2.norm2.bias: sum: 14.8834  dtype: Float32 shape: [512]
55: decoder.up_blocks.0.resnets.2.norm2.weight: sum: 14.9708  dtype: Float32 shape: [512]
56: decoder.up_blocks.0.upsamplers.0.conv.bias: sum: 15.2301  dtype: Float32 shape: [512]
57: decoder.up_blocks.0.upsamplers.0.conv.weight: sum: 1108.037  dtype: Float32 shape: [512,512,3,3]
58: decoder.up_blocks.1.resnets.0.conv1.bias: sum: 14.5803  dtype: Float32 shape: [512]
59: decoder.up_blocks.1.resnets.0.conv1.weight: sum: 884.774  dtype: Float32 shape: [512,512,3,3]
60: decoder.up_blocks.1.resnets.0.conv2.bias: sum: 14.8875  dtype: Float32 shape: [512]
61: decoder.up_blocks.1.resnets.0.conv2.weight: sum: 728.1422  dtype: Float32 shape: [512,512,3,3]
62: decoder.up_blocks.1.resnets.0.norm1.bias: sum: 14.6814  dtype: Float32 shape: [512]
63: decoder.up_blocks.1.resnets.0.norm1.weight: sum: 14.9821  dtype: Float32 shape: [512]
64: decoder.up_blocks.1.resnets.0.norm2.bias: sum: 15.0179  dtype: Float32 shape: [512]
65: decoder.up_blocks.1.resnets.0.norm2.weight: sum: 15.0204  dtype: Float32 shape: [512]
66: decoder.up_blocks.1.resnets.1.conv1.bias: sum: 15.2802  dtype: Float32 shape: [512]
67: decoder.up_blocks.1.resnets.1.conv1.weight: sum: 1041.2313  dtype: Float32 shape: [512,512,3,3]
68: decoder.up_blocks.1.resnets.1.conv2.bias: sum: 8.8619  dtype: Float32 shape: [512]
69: decoder.up_blocks.1.resnets.1.conv2.weight: sum: 968.2581  dtype: Float32 shape: [512,512,3,3]
70: decoder.up_blocks.1.resnets.1.norm1.bias: sum: 14.6297  dtype: Float32 shape: [512]
71: decoder.up_blocks.1.resnets.1.norm1.weight: sum: 14.9752  dtype: Float32 shape: [512]
72: decoder.up_blocks.1.resnets.1.norm2.bias: sum: 15.1292  dtype: Float32 shape: [512]
73: decoder.up_blocks.1.resnets.1.norm2.weight: sum: 15.0884  dtype: Float32 shape: [512]
74: decoder.up_blocks.1.resnets.2.conv1.bias: sum: 15.1058  dtype: Float32 shape: [512]
75: decoder.up_blocks.1.resnets.2.conv1.weight: sum: 1058.526  dtype: Float32 shape: [512,512,3,3]
76: decoder.up_blocks.1.resnets.2.conv2.bias: sum: 15.721  dtype: Float32 shape: [512]
77: decoder.up_blocks.1.resnets.2.conv2.weight: sum: 1095.0419  dtype: Float32 shape: [512,512,3,3]
78: decoder.up_blocks.1.resnets.2.norm1.bias: sum: 14.6435  dtype: Float32 shape: [512]
79: decoder.up_blocks.1.resnets.2.norm1.weight: sum: 15.0528  dtype: Float32 shape: [512]
80: decoder.up_blocks.1.resnets.2.norm2.bias: sum: 15.0926  dtype: Float32 shape: [512]
81: decoder.up_blocks.1.resnets.2.norm2.weight: sum: 15.0841  dtype: Float32 shape: [512]
82: decoder.up_blocks.1.upsamplers.0.conv.bias: sum: 13.4325  dtype: Float32 shape: [512]
83: decoder.up_blocks.1.upsamplers.0.conv.weight: sum: 1006.7843  dtype: Float32 shape: [512,512,3,3]
84: decoder.up_blocks.2.resnets.0.conv1.bias: sum: 10.4917  dtype: Float32 shape: [256]
85: decoder.up_blocks.2.resnets.0.conv1.weight: sum: 893.878  dtype: Float32 shape: [256,512,3,3]
86: decoder.up_blocks.2.resnets.0.conv2.bias: sum: 10.5091  dtype: Float32 shape: [256]
87: decoder.up_blocks.2.resnets.0.conv2.weight: sum: 569.126  dtype: Float32 shape: [256,256,3,3]
88: decoder.up_blocks.2.resnets.0.conv_shortcut.bias: sum: 10.6827  dtype: Float32 shape: [256]
89: decoder.up_blocks.2.resnets.0.conv_shortcut.weight: sum: 255.1966  dtype: Float32 shape: [256,512,1,1]
90: decoder.up_blocks.2.resnets.0.norm1.bias: sum: 14.7201  dtype: Float32 shape: [512]
91: decoder.up_blocks.2.resnets.0.norm1.weight: sum: 14.958  dtype: Float32 shape: [512]
92: decoder.up_blocks.2.resnets.0.norm2.bias: sum: 10.3491  dtype: Float32 shape: [256]
93: decoder.up_blocks.2.resnets.0.norm2.weight: sum: 10.6467  dtype: Float32 shape: [256]
94: decoder.up_blocks.2.resnets.1.conv1.bias: sum: 10.3683  dtype: Float32 shape: [256]
95: decoder.up_blocks.2.resnets.1.conv1.weight: sum: 463.4082  dtype: Float32 shape: [256,256,3,3]
96: decoder.up_blocks.2.resnets.1.conv2.bias: sum: 10.3555  dtype: Float32 shape: [256]
97: decoder.up_blocks.2.resnets.1.conv2.weight: sum: 483.1175  dtype: Float32 shape: [256,256,3,3]
98: decoder.up_blocks.2.resnets.1.norm1.bias: sum: 10.6912  dtype: Float32 shape: [256]
99: decoder.up_blocks.2.resnets.1.norm1.weight: sum: 10.6012  dtype: Float32 shape: [256]
100: decoder.up_blocks.2.resnets.1.norm2.bias: sum: 10.7281  dtype: Float32 shape: [256]
101: decoder.up_blocks.2.resnets.1.norm2.weight: sum: 10.5296  dtype: Float32 shape: [256]
102: decoder.up_blocks.2.resnets.2.conv1.bias: sum: 9.8213  dtype: Float32 shape: [256]
103: decoder.up_blocks.2.resnets.2.conv1.weight: sum: 470.234  dtype: Float32 shape: [256,256,3,3]
104: decoder.up_blocks.2.resnets.2.conv2.bias: sum: 7.4746  dtype: Float32 shape: [256]
105: decoder.up_blocks.2.resnets.2.conv2.weight: sum: 818.3041  dtype: Float32 shape: [256,256,3,3]
106: decoder.up_blocks.2.resnets.2.norm1.bias: sum: 10.4079  dtype: Float32 shape: [256]
107: decoder.up_blocks.2.resnets.2.norm1.weight: sum: 10.5894  dtype: Float32 shape: [256]
108: decoder.up_blocks.2.resnets.2.norm2.bias: sum: 10.8763  dtype: Float32 shape: [256]
109: decoder.up_blocks.2.resnets.2.norm2.weight: sum: 10.6229  dtype: Float32 shape: [256]
110: decoder.up_blocks.2.upsamplers.0.conv.bias: sum: 6.9101  dtype: Float32 shape: [256]
111: decoder.up_blocks.2.upsamplers.0.conv.weight: sum: 555.8933  dtype: Float32 shape: [256,256,3,3]
112: decoder.up_blocks.3.resnets.0.conv1.bias: sum: 7.5534  dtype: Float32 shape: [128]
113: decoder.up_blocks.3.resnets.0.conv1.weight: sum: 333.635  dtype: Float32 shape: [128,256,3,3]
114: decoder.up_blocks.3.resnets.0.conv2.bias: sum: 7.362  dtype: Float32 shape: [128]
115: decoder.up_blocks.3.resnets.0.conv2.weight: sum: 232.4147  dtype: Float32 shape: [128,128,3,3]
116: decoder.up_blocks.3.resnets.0.conv_shortcut.bias: sum: 7.665  dtype: Float32 shape: [128]
117: decoder.up_blocks.3.resnets.0.conv_shortcut.weight: sum: 170.775  dtype: Float32 shape: [128,256,1,1]
118: decoder.up_blocks.3.resnets.0.norm1.bias: sum: 10.9205  dtype: Float32 shape: [256]
119: decoder.up_blocks.3.resnets.0.norm1.weight: sum: 10.6835  dtype: Float32 shape: [256]
120: decoder.up_blocks.3.resnets.0.norm2.bias: sum: 19.7522  dtype: Float32 shape: [128]
121: decoder.up_blocks.3.resnets.0.norm2.weight: sum: 7.5582  dtype: Float32 shape: [128]
122: decoder.up_blocks.3.resnets.1.conv1.bias: sum: 6.283  dtype: Float32 shape: [128]
123: decoder.up_blocks.3.resnets.1.conv1.weight: sum: 232.1829  dtype: Float32 shape: [128,128,3,3]
124: decoder.up_blocks.3.resnets.1.conv2.bias: sum: 7.1781  dtype: Float32 shape: [128]
125: decoder.up_blocks.3.resnets.1.conv2.weight: sum: 267.1263  dtype: Float32 shape: [128,128,3,3]
126: decoder.up_blocks.3.resnets.1.norm1.bias: sum: 7.4709  dtype: Float32 shape: [128]
127: decoder.up_blocks.3.resnets.1.norm1.weight: sum: 7.5051  dtype: Float32 shape: [128]
128: decoder.up_blocks.3.resnets.1.norm2.bias: sum: 9.8101  dtype: Float32 shape: [128]
129: decoder.up_blocks.3.resnets.1.norm2.weight: sum: 7.5008  dtype: Float32 shape: [128]
130: decoder.up_blocks.3.resnets.2.conv1.bias: sum: 7.0516  dtype: Float32 shape: [128]
131: decoder.up_blocks.3.resnets.2.conv1.weight: sum: 249.5704  dtype: Float32 shape: [128,128,3,3]
132: decoder.up_blocks.3.resnets.2.conv2.bias: sum: 8.3512  dtype: Float32 shape: [128]
133: decoder.up_blocks.3.resnets.2.conv2.weight: sum: 318.8047  dtype: Float32 shape: [128,128,3,3]
134: decoder.up_blocks.3.resnets.2.norm1.bias: sum: 7.2591  dtype: Float32 shape: [128]
135: decoder.up_blocks.3.resnets.2.norm1.weight: sum: 7.5172  dtype: Float32 shape: [128]
136: decoder.up_blocks.3.resnets.2.norm2.bias: sum: 10.2381  dtype: Float32 shape: [128]
137: decoder.up_blocks.3.resnets.2.norm2.weight: sum: 7.4814  dtype: Float32 shape: [128]
138: encoder.conv_in.bias: sum: 13.8718  dtype: Float32 shape: [128]
139: encoder.conv_in.weight: sum: 40.6104  dtype: Float32 shape: [128,3,3,3]
140: encoder.conv_norm_out.bias: sum: 15.9513  dtype: Float32 shape: [512]
141: encoder.conv_norm_out.weight: sum: 15.0836  dtype: Float32 shape: [512]
142: encoder.conv_out.bias: sum: -8.141  dtype: Float32 shape: [8]
143: encoder.conv_out.weight: sum: 35.4158  dtype: Float32 shape: [8,512,3,3]
144: encoder.down_blocks.0.downsamplers.0.conv.bias: sum: 7.7854  dtype: Float32 shape: [128]
145: encoder.down_blocks.0.downsamplers.0.conv.weight: sum: 287.6898  dtype: Float32 shape: [128,128,3,3]
146: encoder.down_blocks.0.resnets.0.conv1.bias: sum: 7.202  dtype: Float32 shape: [128]
147: encoder.down_blocks.0.resnets.0.conv1.weight: sum: 254.4133  dtype: Float32 shape: [128,128,3,3]
148: encoder.down_blocks.0.resnets.0.conv2.bias: sum: 6.8763  dtype: Float32 shape: [128]
149: encoder.down_blocks.0.resnets.0.conv2.weight: sum: 227.7602  dtype: Float32 shape: [128,128,3,3]
150: encoder.down_blocks.0.resnets.0.norm1.bias: sum: 6.7669  dtype: Float32 shape: [128]
151: encoder.down_blocks.0.resnets.0.norm1.weight: sum: 7.509  dtype: Float32 shape: [128]
152: encoder.down_blocks.0.resnets.0.norm2.bias: sum: 7.5419  dtype: Float32 shape: [128]
153: encoder.down_blocks.0.resnets.0.norm2.weight: sum: 7.5738  dtype: Float32 shape: [128]
154: encoder.down_blocks.0.resnets.1.conv1.bias: sum: 6.7511  dtype: Float32 shape: [128]
155: encoder.down_blocks.0.resnets.1.conv1.weight: sum: 295.9474  dtype: Float32 shape: [128,128,3,3]
156: encoder.down_blocks.0.resnets.1.conv2.bias: sum: 77.426  dtype: Float32 shape: [128]
157: encoder.down_blocks.0.resnets.1.conv2.weight: sum: 269.9685  dtype: Float32 shape: [128,128,3,3]
158: encoder.down_blocks.0.resnets.1.norm1.bias: sum: 8.0466  dtype: Float32 shape: [128]
159: encoder.down_blocks.0.resnets.1.norm1.weight: sum: 7.4356  dtype: Float32 shape: [128]
160: encoder.down_blocks.0.resnets.1.norm2.bias: sum: 7.5649  dtype: Float32 shape: [128]
161: encoder.down_blocks.0.resnets.1.norm2.weight: sum: 7.4516  dtype: Float32 shape: [128]
162: encoder.down_blocks.1.downsamplers.0.conv.bias: sum: 11.9366  dtype: Float32 shape: [256]
163: encoder.down_blocks.1.downsamplers.0.conv.weight: sum: 302.4538  dtype: Float32 shape: [256,256,3,3]
164: encoder.down_blocks.1.resnets.0.conv1.bias: sum: 10.1429  dtype: Float32 shape: [256]
165: encoder.down_blocks.1.resnets.0.conv1.weight: sum: 331.7618  dtype: Float32 shape: [256,128,3,3]
166: encoder.down_blocks.1.resnets.0.conv2.bias: sum: 11.9111  dtype: Float32 shape: [256]
167: encoder.down_blocks.1.resnets.0.conv2.weight: sum: 530.0652  dtype: Float32 shape: [256,256,3,3]
168: encoder.down_blocks.1.resnets.0.conv_shortcut.bias: sum: 8.3222  dtype: Float32 shape: [256]
169: encoder.down_blocks.1.resnets.0.conv_shortcut.weight: sum: 125.2438  dtype: Float32 shape: [256,128,1,1]
170: encoder.down_blocks.1.resnets.0.norm1.bias: sum: 7.7803  dtype: Float32 shape: [128]
171: encoder.down_blocks.1.resnets.0.norm1.weight: sum: 7.4859  dtype: Float32 shape: [128]
172: encoder.down_blocks.1.resnets.0.norm2.bias: sum: 10.4822  dtype: Float32 shape: [256]
173: encoder.down_blocks.1.resnets.0.norm2.weight: sum: 10.5771  dtype: Float32 shape: [256]
174: encoder.down_blocks.1.resnets.1.conv1.bias: sum: 11.3812  dtype: Float32 shape: [256]
175: encoder.down_blocks.1.resnets.1.conv1.weight: sum: 459.5496  dtype: Float32 shape: [256,256,3,3]
176: encoder.down_blocks.1.resnets.1.conv2.bias: sum: 9.417  dtype: Float32 shape: [256]
177: encoder.down_blocks.1.resnets.1.conv2.weight: sum: 668.4498  dtype: Float32 shape: [256,256,3,3]
178: encoder.down_blocks.1.resnets.1.norm1.bias: sum: 10.7106  dtype: Float32 shape: [256]
179: encoder.down_blocks.1.resnets.1.norm1.weight: sum: 10.5575  dtype: Float32 shape: [256]
180: encoder.down_blocks.1.resnets.1.norm2.bias: sum: 10.5995  dtype: Float32 shape: [256]
181: encoder.down_blocks.1.resnets.1.norm2.weight: sum: 10.6776  dtype: Float32 shape: [256]
182: encoder.down_blocks.2.downsamplers.0.conv.bias: sum: 17.0319  dtype: Float32 shape: [512]
183: encoder.down_blocks.2.downsamplers.0.conv.weight: sum: 948.258  dtype: Float32 shape: [512,512,3,3]
184: encoder.down_blocks.2.resnets.0.conv1.bias: sum: 14.9402  dtype: Float32 shape: [512]
185: encoder.down_blocks.2.resnets.0.conv1.weight: sum: 650.8026  dtype: Float32 shape: [512,256,3,3]
186: encoder.down_blocks.2.resnets.0.conv2.bias: sum: 14.6682  dtype: Float32 shape: [512]
187: encoder.down_blocks.2.resnets.0.conv2.weight: sum: 973.5105  dtype: Float32 shape: [512,512,3,3]
188: encoder.down_blocks.2.resnets.0.conv_shortcut.bias: sum: 15.0823  dtype: Float32 shape: [512]
189: encoder.down_blocks.2.resnets.0.conv_shortcut.weight: sum: 223.3932  dtype: Float32 shape: [512,256,1,1]
190: encoder.down_blocks.2.resnets.0.norm1.bias: sum: 10.5952  dtype: Float32 shape: [256]
191: encoder.down_blocks.2.resnets.0.norm1.weight: sum: 10.7141  dtype: Float32 shape: [256]
192: encoder.down_blocks.2.resnets.0.norm2.bias: sum: 15.0039  dtype: Float32 shape: [512]
193: encoder.down_blocks.2.resnets.0.norm2.weight: sum: 15.0325  dtype: Float32 shape: [512]
194: encoder.down_blocks.2.resnets.1.conv1.bias: sum: 15.1365  dtype: Float32 shape: [512]
195: encoder.down_blocks.2.resnets.1.conv1.weight: sum: 1007.3417  dtype: Float32 shape: [512,512,3,3]
196: encoder.down_blocks.2.resnets.1.conv2.bias: sum: 16.171  dtype: Float32 shape: [512]
197: encoder.down_blocks.2.resnets.1.conv2.weight: sum: 969.501  dtype: Float32 shape: [512,512,3,3]
198: encoder.down_blocks.2.resnets.1.norm1.bias: sum: 15.1253  dtype: Float32 shape: [512]
199: encoder.down_blocks.2.resnets.1.norm1.weight: sum: 15.093  dtype: Float32 shape: [512]
200: encoder.down_blocks.2.resnets.1.norm2.bias: sum: 15.0589  dtype: Float32 shape: [512]
201: encoder.down_blocks.2.resnets.1.norm2.weight: sum: 15.0548  dtype: Float32 shape: [512]
202: encoder.down_blocks.3.resnets.0.conv1.bias: sum: 15.0015  dtype: Float32 shape: [512]
203: encoder.down_blocks.3.resnets.0.conv1.weight: sum: 1048.6593  dtype: Float32 shape: [512,512,3,3]
204: encoder.down_blocks.3.resnets.0.conv2.bias: sum: 17.0845  dtype: Float32 shape: [512]
205: encoder.down_blocks.3.resnets.0.conv2.weight: sum: 832.1916  dtype: Float32 shape: [512,512,3,3]
206: encoder.down_blocks.3.resnets.0.norm1.bias: sum: 14.8804  dtype: Float32 shape: [512]
207: encoder.down_blocks.3.resnets.0.norm1.weight: sum: 15.1384  dtype: Float32 shape: [512]
208: encoder.down_blocks.3.resnets.0.norm2.bias: sum: 15.0165  dtype: Float32 shape: [512]
209: encoder.down_blocks.3.resnets.0.norm2.weight: sum: 15.05  dtype: Float32 shape: [512]
210: encoder.down_blocks.3.resnets.1.conv1.bias: sum: 14.9619  dtype: Float32 shape: [512]
211: encoder.down_blocks.3.resnets.1.conv1.weight: sum: 1059.3274  dtype: Float32 shape: [512,512,3,3]
212: encoder.down_blocks.3.resnets.1.conv2.bias: sum: 16.0261  dtype: Float32 shape: [512]
213: encoder.down_blocks.3.resnets.1.conv2.weight: sum: 911.655  dtype: Float32 shape: [512,512,3,3]
214: encoder.down_blocks.3.resnets.1.norm1.bias: sum: 14.8314  dtype: Float32 shape: [512]
215: encoder.down_blocks.3.resnets.1.norm1.weight: sum: 15.2015  dtype: Float32 shape: [512]
216: encoder.down_blocks.3.resnets.1.norm2.bias: sum: 14.9564  dtype: Float32 shape: [512]
217: encoder.down_blocks.3.resnets.1.norm2.weight: sum: 15.0555  dtype: Float32 shape: [512]
218: encoder.mid_block.attentions.0.group_norm.bias: sum: 17.2075  dtype: Float32 shape: [512]
219: encoder.mid_block.attentions.0.group_norm.weight: sum: 15.1138  dtype: Float32 shape: [512]
220: encoder.mid_block.attentions.0.key.bias: sum: 11.9339  dtype: Float32 shape: [512]
221: encoder.mid_block.attentions.0.key.weight: sum: 445.8932  dtype: Float32 shape: [512,512]
222: encoder.mid_block.attentions.0.proj_attn.bias: sum: 15.1229  dtype: Float32 shape: [512]
223: encoder.mid_block.attentions.0.proj_attn.weight: sum: 350.3709  dtype: Float32 shape: [512,512]
224: encoder.mid_block.attentions.0.query.bias: sum: 12.1512  dtype: Float32 shape: [512]
225: encoder.mid_block.attentions.0.query.weight: sum: 271.0769  dtype: Float32 shape: [512,512]
226: encoder.mid_block.attentions.0.value.bias: sum: 13.1999  dtype: Float32 shape: [512]
227: encoder.mid_block.attentions.0.value.weight: sum: 222.4446  dtype: Float32 shape: [512,512]
228: encoder.mid_block.resnets.0.conv1.bias: sum: 15.2534  dtype: Float32 shape: [512]
229: encoder.mid_block.resnets.0.conv1.weight: sum: 1063.6694  dtype: Float32 shape: [512,512,3,3]
230: encoder.mid_block.resnets.0.conv2.bias: sum: 16.5952  dtype: Float32 shape: [512]
231: encoder.mid_block.resnets.0.conv2.weight: sum: 893.506  dtype: Float32 shape: [512,512,3,3]
232: encoder.mid_block.resnets.0.norm1.bias: sum: 15.0217  dtype: Float32 shape: [512]
233: encoder.mid_block.resnets.0.norm1.weight: sum: 15.1987  dtype: Float32 shape: [512]
234: encoder.mid_block.resnets.0.norm2.bias: sum: 15.4986  dtype: Float32 shape: [512]
235: encoder.mid_block.resnets.0.norm2.weight: sum: 15.1002  dtype: Float32 shape: [512]
236: encoder.mid_block.resnets.1.conv1.bias: sum: 15.0179  dtype: Float32 shape: [512]
237: encoder.mid_block.resnets.1.conv1.weight: sum: 1037.4106  dtype: Float32 shape: [512,512,3,3]
238: encoder.mid_block.resnets.1.conv2.bias: sum: 17.5279  dtype: Float32 shape: [512]
239: encoder.mid_block.resnets.1.conv2.weight: sum: 961.131  dtype: Float32 shape: [512,512,3,3]
240: encoder.mid_block.resnets.1.norm1.bias: sum: 15.2354  dtype: Float32 shape: [512]
241: encoder.mid_block.resnets.1.norm1.weight: sum: 15.1702  dtype: Float32 shape: [512]
242: encoder.mid_block.resnets.1.norm2.bias: sum: 15.2399  dtype: Float32 shape: [512]
243: encoder.mid_block.resnets.1.norm2.weight: sum: 15.1015  dtype: Float32 shape: [512]
244: post_quant_conv.bias: sum: 1.2228  dtype: Float32 shape: [4]
245: post_quant_conv.weight: sum: 2.2722  dtype: Float32 shape: [4,4,1,1]
246: quant_conv.bias: sum: 2.3642  dtype: Float32 shape: [8]
247: quant_conv.weight: sum: 7.3172  dtype: Float32 shape: [8,8,1,1]
