0: decoder.conv_in.bias: sum: 12.4859  dtype: Float16 shape: [512]
1: decoder.conv_in.weight: sum: 129.5649  dtype: Float16 shape: [512,4,3,3]
2: decoder.conv_norm_out.bias: sum: 7.5311  dtype: Float16 shape: [128]
3: decoder.conv_norm_out.weight: sum: 7.5418  dtype: Float16 shape: [128]
4: decoder.conv_out.bias: sum: 1.6869  dtype: Float16 shape: [3]
5: decoder.conv_out.weight: sum: 23.3338  dtype: Float16 shape: [3,128,3,3]
6: decoder.mid_block.attentions.0.group_norm.bias: sum: 18.8544  dtype: Float16 shape: [512]
7: decoder.mid_block.attentions.0.group_norm.weight: sum: 15.0891  dtype: Float16 shape: [512]
8: decoder.mid_block.attentions.0.to_k.bias: sum: 14.4778  dtype: Float16 shape: [512]
9: decoder.mid_block.attentions.0.to_k.weight: sum: 309.5372  dtype: Float16 shape: [512,512]
10: decoder.mid_block.attentions.0.to_out.0.bias: sum: 14.7345  dtype: Float16 shape: [512]
11: decoder.mid_block.attentions.0.to_out.0.weight: sum: 331.4788  dtype: Float16 shape: [512,512]
12: decoder.mid_block.attentions.0.to_q.bias: sum: 11.1444  dtype: Float16 shape: [512]
13: decoder.mid_block.attentions.0.to_q.weight: sum: 162.3494  dtype: Float16 shape: [512,512]
14: decoder.mid_block.attentions.0.to_v.bias: sum: 11.9861  dtype: Float16 shape: [512]
15: decoder.mid_block.attentions.0.to_v.weight: sum: 693.1766  dtype: Float16 shape: [512,512]
16: decoder.mid_block.resnets.0.conv1.bias: sum: 14.9792  dtype: Float16 shape: [512]
17: decoder.mid_block.resnets.0.conv1.weight: sum: 1024.3466  dtype: Float16 shape: [512,512,3,3]
18: decoder.mid_block.resnets.0.conv2.bias: sum: 15.4732  dtype: Float16 shape: [512]
19: decoder.mid_block.resnets.0.conv2.weight: sum: 2015.402  dtype: Float16 shape: [512,512,3,3]
20: decoder.mid_block.resnets.0.norm1.bias: sum: 14.9626  dtype: Float16 shape: [512]
21: decoder.mid_block.resnets.0.norm1.weight: sum: 15.0601  dtype: Float16 shape: [512]
22: decoder.mid_block.resnets.0.norm2.bias: sum: 14.8091  dtype: Float16 shape: [512]
23: decoder.mid_block.resnets.0.norm2.weight: sum: 14.928  dtype: Float16 shape: [512]
24: decoder.mid_block.resnets.1.conv1.bias: sum: 14.7143  dtype: Float16 shape: [512]
25: decoder.mid_block.resnets.1.conv1.weight: sum: 917.0054  dtype: Float16 shape: [512,512,3,3]
26: decoder.mid_block.resnets.1.conv2.bias: sum: 15.248  dtype: Float16 shape: [512]
27: decoder.mid_block.resnets.1.conv2.weight: sum: 1059.6019  dtype: Float16 shape: [512,512,3,3]
28: decoder.mid_block.resnets.1.norm1.bias: sum: 15.1524  dtype: Float16 shape: [512]
29: decoder.mid_block.resnets.1.norm1.weight: sum: 14.9884  dtype: Float16 shape: [512]
30: decoder.mid_block.resnets.1.norm2.bias: sum: 14.7921  dtype: Float16 shape: [512]
31: decoder.mid_block.resnets.1.norm2.weight: sum: 14.9501  dtype: Float16 shape: [512]
32: decoder.up_blocks.0.resnets.0.conv1.bias: sum: 14.95  dtype: Float16 shape: [512]
33: decoder.up_blocks.0.resnets.0.conv1.weight: sum: 933.1721  dtype: Float16 shape: [512,512,3,3]
34: decoder.up_blocks.0.resnets.0.conv2.bias: sum: 14.9402  dtype: Float16 shape: [512]
35: decoder.up_blocks.0.resnets.0.conv2.weight: sum: 944.3211  dtype: Float16 shape: [512,512,3,3]
36: decoder.up_blocks.0.resnets.0.norm1.bias: sum: 14.9775  dtype: Float16 shape: [512]
37: decoder.up_blocks.0.resnets.0.norm1.weight: sum: 14.9065  dtype: Float16 shape: [512]
38: decoder.up_blocks.0.resnets.0.norm2.bias: sum: 15.5135  dtype: Float16 shape: [512]
39: decoder.up_blocks.0.resnets.0.norm2.weight: sum: 15.2064  dtype: Float16 shape: [512]
40: decoder.up_blocks.0.resnets.1.conv1.bias: sum: 14.9642  dtype: Float16 shape: [512]
41: decoder.up_blocks.0.resnets.1.conv1.weight: sum: 994.538  dtype: Float16 shape: [512,512,3,3]
42: decoder.up_blocks.0.resnets.1.conv2.bias: sum: 13.0524  dtype: Float16 shape: [512]
43: decoder.up_blocks.0.resnets.1.conv2.weight: sum: 1335.2301  dtype: Float16 shape: [512,512,3,3]
44: decoder.up_blocks.0.resnets.1.norm1.bias: sum: 14.9243  dtype: Float16 shape: [512]
45: decoder.up_blocks.0.resnets.1.norm1.weight: sum: 14.9156  dtype: Float16 shape: [512]
46: decoder.up_blocks.0.resnets.1.norm2.bias: sum: 14.33  dtype: Float16 shape: [512]
47: decoder.up_blocks.0.resnets.1.norm2.weight: sum: 14.9227  dtype: Float16 shape: [512]
48: decoder.up_blocks.0.resnets.2.conv1.bias: sum: 14.4754  dtype: Float16 shape: [512]
49: decoder.up_blocks.0.resnets.2.conv1.weight: sum: 944.567  dtype: Float16 shape: [512,512,3,3]
50: decoder.up_blocks.0.resnets.2.conv2.bias: sum: 15.5392  dtype: Float16 shape: [512]
51: decoder.up_blocks.0.resnets.2.conv2.weight: sum: 243.53  dtype: Float16 shape: [512,512,3,3]
52: decoder.up_blocks.0.resnets.2.norm1.bias: sum: 14.7869  dtype: Float16 shape: [512]
53: decoder.up_blocks.0.resnets.2.norm1.weight: sum: 14.9496  dtype: Float16 shape: [512]
54: decoder.up_blocks.0.resnets.2.norm2.bias: sum: 14.8818  dtype: Float16 shape: [512]
55: decoder.up_blocks.0.resnets.2.norm2.weight: sum: 14.9729  dtype: Float16 shape: [512]
56: decoder.up_blocks.0.upsamplers.0.conv.bias: sum: 15.2275  dtype: Float16 shape: [512]
57: decoder.up_blocks.0.upsamplers.0.conv.weight: sum: 1107.8373  dtype: Float16 shape: [512,512,3,3]
58: decoder.up_blocks.1.resnets.0.conv1.bias: sum: 14.5794  dtype: Float16 shape: [512]
59: decoder.up_blocks.1.resnets.0.conv1.weight: sum: 884.7042  dtype: Float16 shape: [512,512,3,3]
60: decoder.up_blocks.1.resnets.0.conv2.bias: sum: 14.8874  dtype: Float16 shape: [512]
61: decoder.up_blocks.1.resnets.0.conv2.weight: sum: 727.9237  dtype: Float16 shape: [512,512,3,3]
62: decoder.up_blocks.1.resnets.0.norm1.bias: sum: 14.6825  dtype: Float16 shape: [512]
63: decoder.up_blocks.1.resnets.0.norm1.weight: sum: 14.9847  dtype: Float16 shape: [512]
64: decoder.up_blocks.1.resnets.0.norm2.bias: sum: 15.0194  dtype: Float16 shape: [512]
65: decoder.up_blocks.1.resnets.0.norm2.weight: sum: 15.0157  dtype: Float16 shape: [512]
66: decoder.up_blocks.1.resnets.1.conv1.bias: sum: 15.2786  dtype: Float16 shape: [512]
67: decoder.up_blocks.1.resnets.1.conv1.weight: sum: 1041.5127  dtype: Float16 shape: [512,512,3,3]
68: decoder.up_blocks.1.resnets.1.conv2.bias: sum: 8.8638  dtype: Float16 shape: [512]
69: decoder.up_blocks.1.resnets.1.conv2.weight: sum: 968.371  dtype: Float16 shape: [512,512,3,3]
70: decoder.up_blocks.1.resnets.1.norm1.bias: sum: 14.633  dtype: Float16 shape: [512]
71: decoder.up_blocks.1.resnets.1.norm1.weight: sum: 14.9767  dtype: Float16 shape: [512]
72: decoder.up_blocks.1.resnets.1.norm2.bias: sum: 15.1258  dtype: Float16 shape: [512]
73: decoder.up_blocks.1.resnets.1.norm2.weight: sum: 15.0858  dtype: Float16 shape: [512]
74: decoder.up_blocks.1.resnets.2.conv1.bias: sum: 15.103  dtype: Float16 shape: [512]
75: decoder.up_blocks.1.resnets.2.conv1.weight: sum: 1058.6162  dtype: Float16 shape: [512,512,3,3]
76: decoder.up_blocks.1.resnets.2.conv2.bias: sum: 15.7254  dtype: Float16 shape: [512]
77: decoder.up_blocks.1.resnets.2.conv2.weight: sum: 1095.1189  dtype: Float16 shape: [512,512,3,3]
78: decoder.up_blocks.1.resnets.2.norm1.bias: sum: 14.6454  dtype: Float16 shape: [512]
79: decoder.up_blocks.1.resnets.2.norm1.weight: sum: 15.0488  dtype: Float16 shape: [512]
80: decoder.up_blocks.1.resnets.2.norm2.bias: sum: 15.0971  dtype: Float16 shape: [512]
81: decoder.up_blocks.1.resnets.2.norm2.weight: sum: 15.0817  dtype: Float16 shape: [512]
82: decoder.up_blocks.1.upsamplers.0.conv.bias: sum: 13.4318  dtype: Float16 shape: [512]
83: decoder.up_blocks.1.upsamplers.0.conv.weight: sum: 1006.7747  dtype: Float16 shape: [512,512,3,3]
84: decoder.up_blocks.2.resnets.0.conv1.bias: sum: 10.4913  dtype: Float16 shape: [256]
85: decoder.up_blocks.2.resnets.0.conv1.weight: sum: 893.8046  dtype: Float16 shape: [256,512,3,3]
86: decoder.up_blocks.2.resnets.0.conv2.bias: sum: 10.5123  dtype: Float16 shape: [256]
87: decoder.up_blocks.2.resnets.0.conv2.weight: sum: 569.0806  dtype: Float16 shape: [256,256,3,3]
88: decoder.up_blocks.2.resnets.0.conv_shortcut.bias: sum: 10.6827  dtype: Float16 shape: [256]
89: decoder.up_blocks.2.resnets.0.conv_shortcut.weight: sum: 255.2256  dtype: Float16 shape: [256,512,1,1]
90: decoder.up_blocks.2.resnets.0.norm1.bias: sum: 14.7185  dtype: Float16 shape: [512]
91: decoder.up_blocks.2.resnets.0.norm1.weight: sum: 14.962  dtype: Float16 shape: [512]
92: decoder.up_blocks.2.resnets.0.norm2.bias: sum: 10.3478  dtype: Float16 shape: [256]
93: decoder.up_blocks.2.resnets.0.norm2.weight: sum: 10.6483  dtype: Float16 shape: [256]
94: decoder.up_blocks.2.resnets.1.conv1.bias: sum: 10.3684  dtype: Float16 shape: [256]
95: decoder.up_blocks.2.resnets.1.conv1.weight: sum: 463.5464  dtype: Float16 shape: [256,256,3,3]
96: decoder.up_blocks.2.resnets.1.conv2.bias: sum: 10.3567  dtype: Float16 shape: [256]
97: decoder.up_blocks.2.resnets.1.conv2.weight: sum: 483.0588  dtype: Float16 shape: [256,256,3,3]
98: decoder.up_blocks.2.resnets.1.norm1.bias: sum: 10.6922  dtype: Float16 shape: [256]
99: decoder.up_blocks.2.resnets.1.norm1.weight: sum: 10.6041  dtype: Float16 shape: [256]
100: decoder.up_blocks.2.resnets.1.norm2.bias: sum: 10.7301  dtype: Float16 shape: [256]
101: decoder.up_blocks.2.resnets.1.norm2.weight: sum: 10.5307  dtype: Float16 shape: [256]
102: decoder.up_blocks.2.resnets.2.conv1.bias: sum: 9.8233  dtype: Float16 shape: [256]
103: decoder.up_blocks.2.resnets.2.conv1.weight: sum: 470.3253  dtype: Float16 shape: [256,256,3,3]
104: decoder.up_blocks.2.resnets.2.conv2.bias: sum: 7.4747  dtype: Float16 shape: [256]
105: decoder.up_blocks.2.resnets.2.conv2.weight: sum: 818.508  dtype: Float16 shape: [256,256,3,3]
106: decoder.up_blocks.2.resnets.2.norm1.bias: sum: 10.4118  dtype: Float16 shape: [256]
107: decoder.up_blocks.2.resnets.2.norm1.weight: sum: 10.5913  dtype: Float16 shape: [256]
108: decoder.up_blocks.2.resnets.2.norm2.bias: sum: 10.8788  dtype: Float16 shape: [256]
109: decoder.up_blocks.2.resnets.2.norm2.weight: sum: 10.6252  dtype: Float16 shape: [256]
110: decoder.up_blocks.2.upsamplers.0.conv.bias: sum: 6.9084  dtype: Float16 shape: [256]
111: decoder.up_blocks.2.upsamplers.0.conv.weight: sum: 555.951  dtype: Float16 shape: [256,256,3,3]
112: decoder.up_blocks.3.resnets.0.conv1.bias: sum: 7.5547  dtype: Float16 shape: [128]
113: decoder.up_blocks.3.resnets.0.conv1.weight: sum: 333.5669  dtype: Float16 shape: [128,256,3,3]
114: decoder.up_blocks.3.resnets.0.conv2.bias: sum: 7.3598  dtype: Float16 shape: [128]
115: decoder.up_blocks.3.resnets.0.conv2.weight: sum: 232.3485  dtype: Float16 shape: [128,128,3,3]
116: decoder.up_blocks.3.resnets.0.conv_shortcut.bias: sum: 7.6656  dtype: Float16 shape: [128]
117: decoder.up_blocks.3.resnets.0.conv_shortcut.weight: sum: 170.7448  dtype: Float16 shape: [128,256,1,1]
118: decoder.up_blocks.3.resnets.0.norm1.bias: sum: 10.9174  dtype: Float16 shape: [256]
119: decoder.up_blocks.3.resnets.0.norm1.weight: sum: 10.6828  dtype: Float16 shape: [256]
120: decoder.up_blocks.3.resnets.0.norm2.bias: sum: 19.7516  dtype: Float16 shape: [128]
121: decoder.up_blocks.3.resnets.0.norm2.weight: sum: 7.5599  dtype: Float16 shape: [128]
122: decoder.up_blocks.3.resnets.1.conv1.bias: sum: 6.2827  dtype: Float16 shape: [128]
123: decoder.up_blocks.3.resnets.1.conv1.weight: sum: 232.2066  dtype: Float16 shape: [128,128,3,3]
124: decoder.up_blocks.3.resnets.1.conv2.bias: sum: 7.18  dtype: Float16 shape: [128]
125: decoder.up_blocks.3.resnets.1.conv2.weight: sum: 267.1561  dtype: Float16 shape: [128,128,3,3]
126: decoder.up_blocks.3.resnets.1.norm1.bias: sum: 7.4722  dtype: Float16 shape: [128]
127: decoder.up_blocks.3.resnets.1.norm1.weight: sum: 7.5044  dtype: Float16 shape: [128]
128: decoder.up_blocks.3.resnets.1.norm2.bias: sum: 9.8119  dtype: Float16 shape: [128]
129: decoder.up_blocks.3.resnets.1.norm2.weight: sum: 7.5015  dtype: Float16 shape: [128]
130: decoder.up_blocks.3.resnets.2.conv1.bias: sum: 7.0544  dtype: Float16 shape: [128]
131: decoder.up_blocks.3.resnets.2.conv1.weight: sum: 249.5372  dtype: Float16 shape: [128,128,3,3]
132: decoder.up_blocks.3.resnets.2.conv2.bias: sum: 8.3518  dtype: Float16 shape: [128]
133: decoder.up_blocks.3.resnets.2.conv2.weight: sum: 318.6848  dtype: Float16 shape: [128,128,3,3]
134: decoder.up_blocks.3.resnets.2.norm1.bias: sum: 7.2571  dtype: Float16 shape: [128]
135: decoder.up_blocks.3.resnets.2.norm1.weight: sum: 7.5204  dtype: Float16 shape: [128]
136: decoder.up_blocks.3.resnets.2.norm2.bias: sum: 10.2352  dtype: Float16 shape: [128]
137: decoder.up_blocks.3.resnets.2.norm2.weight: sum: 7.4826  dtype: Float16 shape: [128]
138: encoder.conv_in.bias: sum: 13.8766  dtype: Float16 shape: [128]
139: encoder.conv_in.weight: sum: 40.593  dtype: Float16 shape: [128,3,3,3]
140: encoder.conv_norm_out.bias: sum: 15.953  dtype: Float16 shape: [512]
141: encoder.conv_norm_out.weight: sum: 15.0791  dtype: Float16 shape: [512]
142: encoder.conv_out.bias: sum: -8.1249  dtype: Float16 shape: [8]
143: encoder.conv_out.weight: sum: 35.445  dtype: Float16 shape: [8,512,3,3]
144: encoder.down_blocks.0.downsamplers.0.conv.bias: sum: 7.7855  dtype: Float16 shape: [128]
145: encoder.down_blocks.0.downsamplers.0.conv.weight: sum: 287.7367  dtype: Float16 shape: [128,128,3,3]
146: encoder.down_blocks.0.resnets.0.conv1.bias: sum: 7.204  dtype: Float16 shape: [128]
147: encoder.down_blocks.0.resnets.0.conv1.weight: sum: 254.3631  dtype: Float16 shape: [128,128,3,3]
148: encoder.down_blocks.0.resnets.0.conv2.bias: sum: 6.8787  dtype: Float16 shape: [128]
149: encoder.down_blocks.0.resnets.0.conv2.weight: sum: 227.7723  dtype: Float16 shape: [128,128,3,3]
150: encoder.down_blocks.0.resnets.0.norm1.bias: sum: 6.7677  dtype: Float16 shape: [128]
151: encoder.down_blocks.0.resnets.0.norm1.weight: sum: 7.5085  dtype: Float16 shape: [128]
152: encoder.down_blocks.0.resnets.0.norm2.bias: sum: 7.5395  dtype: Float16 shape: [128]
153: encoder.down_blocks.0.resnets.0.norm2.weight: sum: 7.5753  dtype: Float16 shape: [128]
154: encoder.down_blocks.0.resnets.1.conv1.bias: sum: 6.7513  dtype: Float16 shape: [128]
155: encoder.down_blocks.0.resnets.1.conv1.weight: sum: 295.8657  dtype: Float16 shape: [128,128,3,3]
156: encoder.down_blocks.0.resnets.1.conv2.bias: sum: 77.0849  dtype: Float16 shape: [128]
157: encoder.down_blocks.0.resnets.1.conv2.weight: sum: 269.9036  dtype: Float16 shape: [128,128,3,3]
158: encoder.down_blocks.0.resnets.1.norm1.bias: sum: 8.0476  dtype: Float16 shape: [128]
159: encoder.down_blocks.0.resnets.1.norm1.weight: sum: 7.4366  dtype: Float16 shape: [128]
160: encoder.down_blocks.0.resnets.1.norm2.bias: sum: 7.5648  dtype: Float16 shape: [128]
161: encoder.down_blocks.0.resnets.1.norm2.weight: sum: 7.4532  dtype: Float16 shape: [128]
162: encoder.down_blocks.1.downsamplers.0.conv.bias: sum: 11.9393  dtype: Float16 shape: [256]
163: encoder.down_blocks.1.downsamplers.0.conv.weight: sum: 302.4334  dtype: Float16 shape: [256,256,3,3]
164: encoder.down_blocks.1.resnets.0.conv1.bias: sum: 10.1434  dtype: Float16 shape: [256]
165: encoder.down_blocks.1.resnets.0.conv1.weight: sum: 331.8696  dtype: Float16 shape: [256,128,3,3]
166: encoder.down_blocks.1.resnets.0.conv2.bias: sum: 11.9105  dtype: Float16 shape: [256]
167: encoder.down_blocks.1.resnets.0.conv2.weight: sum: 529.8956  dtype: Float16 shape: [256,256,3,3]
168: encoder.down_blocks.1.resnets.0.conv_shortcut.bias: sum: 8.3242  dtype: Float16 shape: [256]
169: encoder.down_blocks.1.resnets.0.conv_shortcut.weight: sum: 125.2283  dtype: Float16 shape: [256,128,1,1]
170: encoder.down_blocks.1.resnets.0.norm1.bias: sum: 7.7809  dtype: Float16 shape: [128]
171: encoder.down_blocks.1.resnets.0.norm1.weight: sum: 7.4858  dtype: Float16 shape: [128]
172: encoder.down_blocks.1.resnets.0.norm2.bias: sum: 10.4806  dtype: Float16 shape: [256]
173: encoder.down_blocks.1.resnets.0.norm2.weight: sum: 10.5788  dtype: Float16 shape: [256]
174: encoder.down_blocks.1.resnets.1.conv1.bias: sum: 11.3793  dtype: Float16 shape: [256]
175: encoder.down_blocks.1.resnets.1.conv1.weight: sum: 459.646  dtype: Float16 shape: [256,256,3,3]
176: encoder.down_blocks.1.resnets.1.conv2.bias: sum: 9.4149  dtype: Float16 shape: [256]
177: encoder.down_blocks.1.resnets.1.conv2.weight: sum: 668.4749  dtype: Float16 shape: [256,256,3,3]
178: encoder.down_blocks.1.resnets.1.norm1.bias: sum: 10.713  dtype: Float16 shape: [256]
179: encoder.down_blocks.1.resnets.1.norm1.weight: sum: 10.5594  dtype: Float16 shape: [256]
180: encoder.down_blocks.1.resnets.1.norm2.bias: sum: 10.5976  dtype: Float16 shape: [256]
181: encoder.down_blocks.1.resnets.1.norm2.weight: sum: 10.6787  dtype: Float16 shape: [256]
182: encoder.down_blocks.2.downsamplers.0.conv.bias: sum: 17.0351  dtype: Float16 shape: [512]
183: encoder.down_blocks.2.downsamplers.0.conv.weight: sum: 948.114  dtype: Float16 shape: [512,512,3,3]
184: encoder.down_blocks.2.resnets.0.conv1.bias: sum: 14.9419  dtype: Float16 shape: [512]
185: encoder.down_blocks.2.resnets.0.conv1.weight: sum: 650.642  dtype: Float16 shape: [512,256,3,3]
186: encoder.down_blocks.2.resnets.0.conv2.bias: sum: 14.6707  dtype: Float16 shape: [512]
187: encoder.down_blocks.2.resnets.0.conv2.weight: sum: 973.1804  dtype: Float16 shape: [512,512,3,3]
188: encoder.down_blocks.2.resnets.0.conv_shortcut.bias: sum: 15.0777  dtype: Float16 shape: [512]
189: encoder.down_blocks.2.resnets.0.conv_shortcut.weight: sum: 223.4036  dtype: Float16 shape: [512,256,1,1]
190: encoder.down_blocks.2.resnets.0.norm1.bias: sum: 10.5976  dtype: Float16 shape: [256]
191: encoder.down_blocks.2.resnets.0.norm1.weight: sum: 10.7153  dtype: Float16 shape: [256]
192: encoder.down_blocks.2.resnets.0.norm2.bias: sum: 15.0083  dtype: Float16 shape: [512]
193: encoder.down_blocks.2.resnets.0.norm2.weight: sum: 15.029  dtype: Float16 shape: [512]
194: encoder.down_blocks.2.resnets.1.conv1.bias: sum: 15.14  dtype: Float16 shape: [512]
195: encoder.down_blocks.2.resnets.1.conv1.weight: sum: 1007.4297  dtype: Float16 shape: [512,512,3,3]
196: encoder.down_blocks.2.resnets.1.conv2.bias: sum: 16.177  dtype: Float16 shape: [512]
197: encoder.down_blocks.2.resnets.1.conv2.weight: sum: 969.1804  dtype: Float16 shape: [512,512,3,3]
198: encoder.down_blocks.2.resnets.1.norm1.bias: sum: 15.1277  dtype: Float16 shape: [512]
199: encoder.down_blocks.2.resnets.1.norm1.weight: sum: 15.0997  dtype: Float16 shape: [512]
200: encoder.down_blocks.2.resnets.1.norm2.bias: sum: 15.0574  dtype: Float16 shape: [512]
201: encoder.down_blocks.2.resnets.1.norm2.weight: sum: 15.0521  dtype: Float16 shape: [512]
202: encoder.down_blocks.3.resnets.0.conv1.bias: sum: 15.0002  dtype: Float16 shape: [512]
203: encoder.down_blocks.3.resnets.0.conv1.weight: sum: 1048.6025  dtype: Float16 shape: [512,512,3,3]
204: encoder.down_blocks.3.resnets.0.conv2.bias: sum: 17.0852  dtype: Float16 shape: [512]
205: encoder.down_blocks.3.resnets.0.conv2.weight: sum: 832.0935  dtype: Float16 shape: [512,512,3,3]
206: encoder.down_blocks.3.resnets.0.norm1.bias: sum: 14.8801  dtype: Float16 shape: [512]
207: encoder.down_blocks.3.resnets.0.norm1.weight: sum: 15.136  dtype: Float16 shape: [512]
208: encoder.down_blocks.3.resnets.0.norm2.bias: sum: 15.0118  dtype: Float16 shape: [512]
209: encoder.down_blocks.3.resnets.0.norm2.weight: sum: 15.0531  dtype: Float16 shape: [512]
210: encoder.down_blocks.3.resnets.1.conv1.bias: sum: 14.9618  dtype: Float16 shape: [512]
211: encoder.down_blocks.3.resnets.1.conv1.weight: sum: 1058.8041  dtype: Float16 shape: [512,512,3,3]
212: encoder.down_blocks.3.resnets.1.conv2.bias: sum: 16.0273  dtype: Float16 shape: [512]
213: encoder.down_blocks.3.resnets.1.conv2.weight: sum: 911.4778  dtype: Float16 shape: [512,512,3,3]
214: encoder.down_blocks.3.resnets.1.norm1.bias: sum: 14.8307  dtype: Float16 shape: [512]
215: encoder.down_blocks.3.resnets.1.norm1.weight: sum: 15.2007  dtype: Float16 shape: [512]
216: encoder.down_blocks.3.resnets.1.norm2.bias: sum: 14.9548  dtype: Float16 shape: [512]
217: encoder.down_blocks.3.resnets.1.norm2.weight: sum: 15.0536  dtype: Float16 shape: [512]
218: encoder.mid_block.attentions.0.group_norm.bias: sum: 17.2124  dtype: Float16 shape: [512]
219: encoder.mid_block.attentions.0.group_norm.weight: sum: 15.1149  dtype: Float16 shape: [512]
220: encoder.mid_block.attentions.0.to_k.bias: sum: 11.9337  dtype: Float16 shape: [512]
221: encoder.mid_block.attentions.0.to_k.weight: sum: 445.6082  dtype: Float16 shape: [512,512]
222: encoder.mid_block.attentions.0.to_out.0.bias: sum: 15.1256  dtype: Float16 shape: [512]
223: encoder.mid_block.attentions.0.to_out.0.weight: sum: 350.3588  dtype: Float16 shape: [512,512]
224: encoder.mid_block.attentions.0.to_q.bias: sum: 12.1471  dtype: Float16 shape: [512]
225: encoder.mid_block.attentions.0.to_q.weight: sum: 271.1922  dtype: Float16 shape: [512,512]
226: encoder.mid_block.attentions.0.to_v.bias: sum: 13.197  dtype: Float16 shape: [512]
227: encoder.mid_block.attentions.0.to_v.weight: sum: 222.2722  dtype: Float16 shape: [512,512]
228: encoder.mid_block.resnets.0.conv1.bias: sum: 15.2562  dtype: Float16 shape: [512]
229: encoder.mid_block.resnets.0.conv1.weight: sum: 1063.38  dtype: Float16 shape: [512,512,3,3]
230: encoder.mid_block.resnets.0.conv2.bias: sum: 16.591  dtype: Float16 shape: [512]
231: encoder.mid_block.resnets.0.conv2.weight: sum: 893.2656  dtype: Float16 shape: [512,512,3,3]
232: encoder.mid_block.resnets.0.norm1.bias: sum: 15.0237  dtype: Float16 shape: [512]
233: encoder.mid_block.resnets.0.norm1.weight: sum: 15.2007  dtype: Float16 shape: [512]
234: encoder.mid_block.resnets.0.norm2.bias: sum: 15.4979  dtype: Float16 shape: [512]
235: encoder.mid_block.resnets.0.norm2.weight: sum: 15.0978  dtype: Float16 shape: [512]
236: encoder.mid_block.resnets.1.conv1.bias: sum: 15.0198  dtype: Float16 shape: [512]
237: encoder.mid_block.resnets.1.conv1.weight: sum: 1037.5731  dtype: Float16 shape: [512,512,3,3]
238: encoder.mid_block.resnets.1.conv2.bias: sum: 17.529  dtype: Float16 shape: [512]
239: encoder.mid_block.resnets.1.conv2.weight: sum: 961.3129  dtype: Float16 shape: [512,512,3,3]
240: encoder.mid_block.resnets.1.norm1.bias: sum: 15.233  dtype: Float16 shape: [512]
241: encoder.mid_block.resnets.1.norm1.weight: sum: 15.1672  dtype: Float16 shape: [512]
242: encoder.mid_block.resnets.1.norm2.bias: sum: 15.2416  dtype: Float16 shape: [512]
243: encoder.mid_block.resnets.1.norm2.weight: sum: 15.0982  dtype: Float16 shape: [512]
244: post_quant_conv.bias: sum: 1.2225  dtype: Float16 shape: [4]
245: post_quant_conv.weight: sum: 2.2726  dtype: Float16 shape: [4,4,1,1]
246: quant_conv.bias: sum: 2.3646  dtype: Float16 shape: [8]
247: quant_conv.weight: sum: 7.318  dtype: Float16 shape: [8,8,1,1]
