step_output.PrevSample: sum: 102.3984  dtype: Float32 shape: [1,4,64,64]
step_output.PredOriginalSample: sum: 102.3984  dtype: Float32 shape: [1,4,64,64]
